// Jest Snapshot v1, https://goo.gl/fbAQLP

exports[`Divider Empty matches snapshot 1`] = `
<span
  className="Divider"
/>
`;
